PASS __tests__/App.test.tsx (5.259 s)
PASS __tests__/communityKeyboardInteraction.test.tsx
PASS __tests__/weatherServiceUi.test.tsx
PASS __tests__/CommunitySection.test.tsx
PASS __tests__/homeEditorialStates.test.tsx
PASS __tests__/homeSectionPresentation.test.tsx
PASS __tests__/homeTotalSummarySection.test.tsx
PASS __tests__/weatherAutumnHero.test.ts
PASS __tests__/communitySeasonalList.test.tsx
PASS __tests__/inputFooterKeyboardContracts.test.tsx
PASS __tests__/weatherHomeAccessibility.test.tsx
PASS __tests__/petCreateInteractions.test.tsx
PASS __tests__/homeSeasonalAmbient.test.tsx
PASS __tests__/memoryDetailScreen.test.tsx
PASS __tests__/seasonalTheme.test.ts
PASS __tests__/moreAccountDeleteConfirmDialog.test.tsx
PASS __tests__/todayPhotoEmptyState.test.tsx
PASS __tests__/homeScheduleCalendar.test.tsx
PASS __tests__/scheduleAlarmForm.test.tsx
PASS __tests__/homeSectionGlass.test.ts
PASS __tests__/modalInteractionContracts.test.ts
PASS __tests__/nuriIcons.test.tsx
PASS __tests__/scheduleRecordCreate.test.tsx
PASS __tests__/homeEmptySectionState.test.tsx
PASS __tests__/scheduleCalendarCompletion.test.tsx
PASS __tests__/timelineSeasonalDesign.test.tsx
PASS __tests__/communityCommentCorrective.test.tsx
PASS __tests__/timelineFinalApproval.test.tsx
PASS __tests__/scheduleDetailScreen.test.tsx
PASS __tests__/timelineXpProgress.test.tsx
PASS __tests__/homeSeasonContract.test.tsx
PASS __tests__/homeScheduleFrostedGlass.test.tsx
PASS __tests__/seasonPreference.test.tsx
PASS __tests__/homeAmbientBubbleCanvas.test.ts
PASS __tests__/guideSearchKeyboard.test.tsx
PASS __tests__/ctaMigration.test.ts
PASS __tests__/seasonalWeatherTheme.test.ts
PASS __tests__/communityEditFocus.test.tsx
PASS __tests__/monthlyDiaryEmptyState.test.tsx
PASS __tests__/petStackContentSpacing.test.tsx
PASS __tests__/recordCreateKeyboard.test.tsx
PASS __tests__/keyboardModalOwnership.test.tsx
PASS __tests__/policyScreens.test.tsx
PASS __tests__/placeMediaLoadingPresentation.test.tsx
PASS __tests__/homePopulatedLists.test.tsx
PASS __tests__/profileEditPresentation.test.ts
PASS __tests__/profileRegistrationPresentation.test.ts
PASS __tests__/communityCreateKeyboard.test.tsx
PASS __tests__/ctaButton.test.tsx
PASS __tests__/useWeatherGuide.test.tsx
PASS __tests__/scheduleNotificationSettingsModal.test.tsx
PASS __tests__/releaseInputPreflight.test.js
PASS __tests__/homeSectionComposition.test.ts
PASS __tests__/guideSpeciesPlatform.test.ts
PASS __tests__/homeGuideGlassCard.test.tsx
PASS __tests__/userNotificationsInset.test.tsx
PASS __tests__/confirmDialogKeyboard.test.tsx
PASS __tests__/activeScheduleAlarms.test.tsx
PASS __tests__/useLocationDiscovery.test.tsx
PASS __tests__/weatherApiV1.test.js
PASS __tests__/releaseFoundation.test.js
PASS __tests__/appNavigationToolbar.test.tsx
PASS __tests__/communityComposerSimplification.test.tsx
PASS __tests__/communityCategoryListService.test.ts
PASS __tests__/locationDiscoveryFanout.test.ts
PASS __tests__/weatherApiV1Handler.test.js
PASS __tests__/appProvidersAuthBoundary.test.tsx
PASS __tests__/animalHospitalService.test.ts
PASS __tests__/homeSeasonReviewControls.test.tsx
PASS __tests__/weatherApiV1Client.test.ts
PASS __tests__/entryAwareBackAction.test.tsx
PASS __tests__/homeScheduleCalendarModel.test.ts
PASS __tests__/appBoot.test.ts
PASS __tests__/communityStoreList.test.ts
PASS __tests__/communityDetailStore.test.ts
PASS __tests__/nativeLiteMapPreview.test.tsx
PASS __tests__/weatherReliability.test.ts
PASS __tests__/monthlyExpenses.test.ts
PASS __tests__/petDeletionConfirmation.test.ts
PASS __tests__/schedulesForm.test.ts
PASS __tests__/boundedKeyboardScroll.test.tsx
PASS __tests__/passwordRecoverySession.test.ts
PASS __tests__/scheduleListPresentation.test.ts
PASS __tests__/useCurrentLocation.test.tsx
PASS __tests__/homeCommunityHighlights.test.ts
PASS __tests__/authBootstrap.test.ts
PASS __tests__/animalHospitalProjection.test.ts
PASS __tests__/activityDashboard.test.ts
PASS __tests__/weatherServicePresentation.test.ts
PASS __tests__/memoryDetailPresentation.test.ts
PASS __tests__/authSessionScheduleCleanup.test.ts
PASS __tests__/ctaPalette.test.ts
PASS __tests__/animalHospitalMatching.test.ts
PASS __tests__/communityCommentPresentation.test.ts
PASS __tests__/communityDetailPresentation.test.ts
PASS __tests__/supabaseRuntimeConfig.test.ts
PASS __tests__/placeEnrichment.test.ts
PASS __tests__/recordStructuredFields.test.ts
PASS __tests__/guideCatalogSource.test.ts
PASS __tests__/animalHospitalVerification.test.ts
PASS __tests__/communityListPresentation.test.ts
PASS __tests__/animalHospitalOfficialSource.test.ts
PASS __tests__/scheduleNotifications.test.ts
PASS __tests__/animalHospitalPresentation.test.ts
PASS __tests__/scheduleRecordLink.test.ts
PASS __tests__/animalHospitalRepository.test.ts
PASS __tests__/weeklySummary.test.ts
PASS __tests__/communityReadPathPolicy.test.ts
PASS __tests__/detailHistory.test.ts
PASS __tests__/weatherCacheCore.test.js
PASS __tests__/recordsForm.test.ts
PASS __tests__/communityBlocks.test.ts
PASS __tests__/timelineHeatmap.test.ts
PASS __tests__/datePickerUtils.test.ts
PASS __tests__/adminNotificationConsolePolicy.test.ts
PASS __tests__/timelineVisualPolish.test.ts
PASS __tests__/firstPetWelcome.test.ts
PASS __tests__/petSpeciesTaxonomy.test.ts
PASS __tests__/activityRanking.test.ts
PASS __tests__/appFontPreference.test.ts
PASS __tests__/navigationScrollCorrective.test.ts
PASS __tests__/oauthCallbackSession.test.ts
PASS __tests__/frequentRecords.test.ts
PASS __tests__/communityWritePolicy.test.ts
PASS __tests__/homeRecordScheduleCache.test.ts
PASS __tests__/authLocalSession.test.ts
PASS __tests__/appQueryClient.test.ts
PASS __tests__/keyboardBottomPadding.test.ts
PASS __tests__/asyncUtils.test.ts
PASS __tests__/scheduleNotificationTap.test.ts
PASS __tests__/legalDocuments.test.ts
PASS __tests__/secondMvpRpcMappers.test.ts
PASS __tests__/scheduleRecordDraft.test.ts
PASS __tests__/communityRouteState.test.ts
PASS __tests__/consents.test.ts
PASS __tests__/homeTitleBadge.test.ts
PASS __tests__/weatherTemperatureSafety.test.ts
PASS __tests__/glassExpenseSourceContracts.test.ts
PASS __tests__/timelineQuery.test.ts
PASS __tests__/authStoreRecovery.test.ts
PASS __tests__/notificationRetentionPolicy.test.ts
PASS __tests__/petDeletionService.test.ts
PASS __tests__/seasonalRouteIntegration.test.ts
PASS __tests__/weatherDayPhase.test.ts
PASS __tests__/policyPresentation.test.ts
PASS __tests__/activityProgressPolicy.test.ts
PASS __tests__/travelMetrics.test.ts
PASS __tests__/authAppLinks.test.ts
PASS __tests__/scheduleDetailPresentation.test.ts
PASS __tests__/healthReportViewModel.test.ts
PASS __tests__/weatherCacheService.test.ts
PASS __tests__/animalHospitalSupabaseRepository.test.ts
PASS __tests__/oauthRedirectSelection.test.ts
PASS __tests__/petStoreWeightNormalization.test.ts
PASS __tests__/pushTokenLifecycle.test.ts
PASS __tests__/homePopulatedLayout.test.ts
PASS __tests__/weatherMetricLayout.test.ts
PASS __tests__/typographyRoles.test.ts
PASS __tests__/recordDate.test.ts
PASS __tests__/homeWidgetSnapshot.test.ts
PASS __tests__/premiumRewardModalPresentation.test.ts
PASS __tests__/homeHeroMemoryChip.test.ts
PASS __tests__/recentLoginProvider.test.ts
PASS __tests__/locationDiscoveryThumbnail.test.ts
PASS __tests__/placeEnrichmentRuntimePolicy.test.js
PASS __tests__/responsiveSourceGuards.test.ts
PASS __tests__/walkPoiRpc.test.ts
PASS __tests__/currentPosition.test.ts
PASS __tests__/fontLicenseAttribution.test.ts
PASS __tests__/responsiveLayout.test.ts
PASS __tests__/homeNotificationOverlayLayout.test.ts
PASS __tests__/dateUtils.test.ts
PASS __tests__/walkPoiAdminQueue.test.ts
PASS __tests__/weatherToHomeTransition.test.ts
PASS __tests__/petThemePalette.test.ts
PASS __tests__/appErrors.test.ts
PASS __tests__/homeReselectContract.test.ts
PASS __tests__/communityBlockPresentation.test.ts
PASS __tests__/rewardNoticePreference.test.ts
PASS __tests__/notificationGesturePolicy.test.ts
PASS __tests__/timelineEntry.test.ts
PASS __tests__/authNotices.test.ts
PASS __tests__/scheduleNavigationContext.test.ts
PASS __tests__/communityErrors.test.ts
PASS __tests__/supabaseClientInitialization.test.ts
PASS __tests__/accountDeletionConfirmation.test.ts
PASS __tests__/privateLetters.test.ts
PASS __tests__/animalHospitalOpsSummary.test.ts
PASS __tests__/notificationRequestGuard.test.ts
PASS __tests__/activityRankingQuery.test.ts
PASS __tests__/locationDiscoveryKakaoProviderAdapters.test.ts
PASS __tests__/categoryMeta.test.ts

Test Suites: 192 passed, 192 total
Tests:       1952 passed, 1952 total
Snapshots:   0 total
Time:        24.577 s
